// Jest Snapshot v1, https://goo.gl/fbAQLP

exports[`Checkbox Series to match 1`] = `
<div>
  <h2
    className="text-primary"
  >
    ABC Checklist
  </h2>
  <div
    id="abcChecklist"
  >
    <div
      className="row"
    >
      <div
        className="col-md-1"
      >
        <h4>
          When?
        </h4>
        <hr />
        <input
          className="btn btn-primary"
          id="now"
          onClick={[Function]}
          type="button"
          value="Now"
        />
        <div
          id="dateTime"
        />
      </div>
      <div
        className="col-md-4"
      >
        <h4>
          Antecedent
        </h4>
        <hr />
        <b>
          What happened before the behavior?
        </b>
        <br />
        <div
          className="radio"
        >
          <label>
            <input
              checked={false}
              onClick={[Function]}
              type="radio"
              value="Given Direction/task, asked to do something"
            />
            Given Direction/task, asked to do something
          </label>
        </div>
        <div
          className="radio"
        >
          <label>
            <input
              checked={false}
              onClick={[Function]}
              type="radio"
              value="Asked to wait"
            />
            Asked to wait
          </label>
        </div>
        <div
          className="radio"
        >
          <label>
            <input
              checked={false}
              onClick={[Function]}
              type="radio"
              value="Difficulty with task/activity"
            />
            Difficulty with task/activity
          </label>
        </div>
        <div
          className="radio"
        >
          <label>
            <input
              checked={false}
              onClick={[Function]}
              type="radio"
              value="Preferred activity interrupted"
            />
            Preferred activity interrupted
          </label>
        </div>
        <div
          className="radio"
        >
          <label>
            <input
              checked={false}
              onClick={[Function]}
              type="radio"
              value="Activity/Item denied ("told no")"
            />
            Activity/Item denied ("told no")
          </label>
        </div>
        <div
          className="radio"
        >
          <label>
            <input
              checked={false}
              onClick={[Function]}
              type="radio"
              value="Loud, noisy environment"
            />
            Loud, noisy environment
          </label>
        </div>
        <div
          className="radio"
        >
          <label>
            <input
              checked={false}
              onClick={[Function]}
              type="radio"
              value="Given assistance / correction"
            />
            Given assistance / correction
          </label>
        </div>
        <div
          className="radio"
        >
          <label>
            <input
              checked={false}
              onClick={[Function]}
              type="radio"
              value="Transition between locations"
            />
            Transition between locations
          </label>
        </div>
        <div
          className="radio"
        >
          <label>
            <input
              checked={false}
              onClick={[Function]}
              type="radio"
              value="Attention given to others"
            />
            Attention given to others
          </label>
        </div>
        <div
          className="radio"
        >
          <label>
            <input
              checked={false}
              onClick={[Function]}
              type="radio"
              value="Attention not given when wanted"
            />
            Attention not given when wanted
          </label>
        </div>
        <div
          className="radio"
        >
          <label>
            <input
              checked={false}
              onClick={[Function]}
              type="radio"
              value="Left alone (no indiv. attention)"
            />
            Left alone (no indiv. attention)
          </label>
        </div>
        <div
          className="radio"
        >
          <label>
            <input
              checked={false}
              onClick={[Function]}
              type="radio"
              value="Other"
            />
             Other
          </label>
        </div>
        <input
          className="form-control"
          disabled={true}
          id="antecedentOther"
          onChange={[Function]}
          placeholder="Enter Description"
          type="text"
          value=""
        />
        <br />
         
        <b>
          Location
        </b>
        <br />
        <div
          className="radio-inline"
        >
          <label>
            <input
              checked={false}
              onClick={[Function]}
              type="radio"
              value="Home"
            />
            Home
          </label>
        </div>
        <div
          className="radio-inline"
        >
          <label>
            <input
              checked={false}
              onClick={[Function]}
              type="radio"
              value="School"
            />
            School
          </label>
        </div>
        <div
          className="radio-inline"
        >
          <label>
            <input
              checked={false}
              onClick={[Function]}
              type="radio"
              value="Other"
            />
            Other
          </label>
        </div>
        <br />
         
        <b>
          People Present
        </b>
        <br />
        <div
          className="checkbox"
        >
          <label>
            <input
              checked={false}
              id="Mom"
              name="selectedLabel"
              onClick={[Function]}
              type="checkbox"
              value="Mom"
            />
             
            Mom
          </label>
        </div>
        <div
          className="checkbox"
        >
          <label>
            <input
              checked={false}
              id="Dad"
              name="selectedLabel"
              onClick={[Function]}
              type="checkbox"
              value="Dad"
            />
             
            Dad
          </label>
        </div>
        <div
          className="checkbox"
        >
          <label>
            <input
              checked={false}
              id="Sibling"
              name="selectedLabel"
              onClick={[Function]}
              type="checkbox"
              value="Sibling"
            />
             
            Sibling
          </label>
        </div>
        <div
          className="checkbox"
        >
          <label>
            <input
              checked={false}
              id="Grandparents"
              name="selectedLabel"
              onClick={[Function]}
              type="checkbox"
              value="Grandparents"
            />
             
            Grandparents
          </label>
        </div>
        <div
          className="checkbox"
        >
          <label>
            <input
              checked={false}
              id="Alone"
              name="selectedLabel"
              onClick={[Function]}
              type="checkbox"
              value="Alone"
            />
             
            Alone
          </label>
        </div>
        <div
          className="checkbox"
        >
          <label>
            <input
              checked={false}
              id="Peers"
              name="selectedLabel"
              onClick={[Function]}
              type="checkbox"
              value="Peers"
            />
             
            Peers
          </label>
        </div>
        <div
          className="checkbox"
        >
          <label>
            <input
              checked={false}
              id="otherLabel"
              name="otherLabelCheckbox"
              onClick={[Function]}
              type="checkbox"
              value="Other"
            />
             Other
          </label>
        </div>
        <input
          className="form-control"
          disabled={true}
          id="labelOther"
          onChange={[Function]}
          placeholder="Enter Another Person Present"
          type="text"
          value=""
        />
      </div>
      <div
        className="col-md-3"
      >
        <h4>
          Behavior
        </h4>
        <hr />
        <b>
          Select all that apply
        </b>
        <div
          className="checkbox"
        >
          <label>
            <input
              checked={false}
              id="Refuse to follow directions"
              name="selectedLabel"
              onClick={[Function]}
              type="checkbox"
              value="Refuse to follow directions"
            />
             
            Refuse to follow directions
          </label>
        </div>
        <div
          className="checkbox"
        >
          <label>
            <input
              checked={false}
              id="Makes verbal threats"
              name="selectedLabel"
              onClick={[Function]}
              type="checkbox"
              value="Makes verbal threats"
            />
             
            Makes verbal threats
          </label>
        </div>
        <div
          className="checkbox"
        >
          <label>
            <input
              checked={false}
              id="Grabbing/pulling"
              name="selectedLabel"
              onClick={[Function]}
              type="checkbox"
              value="Grabbing/pulling"
            />
             
            Grabbing/pulling
          </label>
        </div>
        <div
          className="checkbox"
        >
          <label>
            <input
              checked={false}
              id="Crying/Whining"
              name="selectedLabel"
              onClick={[Function]}
              type="checkbox"
              value="Crying/Whining"
            />
             
            Crying/Whining
          </label>
        </div>
        <div
          className="checkbox"
        >
          <label>
            <input
              checked={false}
              id="Screaming/Yelling"
              name="selectedLabel"
              onClick={[Function]}
              type="checkbox"
              value="Screaming/Yelling"
            />
             
            Screaming/Yelling
          </label>
        </div>
        <div
          className="checkbox"
        >
          <label>
            <input
              checked={false}
              id="Scratching"
              name="selectedLabel"
              onClick={[Function]}
              type="checkbox"
              value="Scratching"
            />
             
            Scratching
          </label>
        </div>
        <div
          className="checkbox"
        >
          <label>
            <input
              checked={false}
              id="Biting"
              name="selectedLabel"
              onClick={[Function]}
              type="checkbox"
              value="Biting"
            />
             
            Biting
          </label>
        </div>
        <div
          className="checkbox"
        >
          <label>
            <input
              checked={false}
              id="Spitting"
              name="selectedLabel"
              onClick={[Function]}
              type="checkbox"
              value="Spitting"
            />
             
            Spitting
          </label>
        </div>
        <div
          className="checkbox"
        >
          <label>
            <input
              checked={false}
              id="Kicking"
              name="selectedLabel"
              onClick={[Function]}
              type="checkbox"
              value="Kicking"
            />
             
            Kicking
          </label>
        </div>
        <div
          className="checkbox"
        >
          <label>
            <input
              checked={false}
              id="Flopping"
              name="selectedLabel"
              onClick={[Function]}
              type="checkbox"
              value="Flopping"
            />
             
            Flopping
          </label>
        </div>
        <div
          className="checkbox"
        >
          <label>
            <input
              checked={false}
              id="Running Away"
              name="selectedLabel"
              onClick={[Function]}
              type="checkbox"
              value="Running Away"
            />
             
            Running Away
          </label>
        </div>
        <div
          className="checkbox"
        >
          <label>
            <input
              checked={false}
              id="Destroying property"
              name="selectedLabel"
              onClick={[Function]}
              type="checkbox"
              value="Destroying property"
            />
             
            Destroying property
          </label>
        </div>
        <div
          className="checkbox"
        >
          <label>
            <input
              checked={false}
              id="Hitting Self"
              name="selectedLabel"
              onClick={[Function]}
              type="checkbox"
              value="Hitting Self"
            />
             
            Hitting Self
          </label>
        </div>
        <div
          className="checkbox"
        >
          <label>
            <input
              checked={false}
              id="Hitting Others"
              name="selectedLabel"
              onClick={[Function]}
              type="checkbox"
              value="Hitting Others"
            />
             
            Hitting Others
          </label>
        </div>
        <div
          className="checkbox"
        >
          <label>
            <input
              checked={false}
              id="Verbal Refusal"
              name="selectedLabel"
              onClick={[Function]}
              type="checkbox"
              value="Verbal Refusal"
            />
             
            Verbal Refusal
          </label>
        </div>
        <div
          className="checkbox"
        >
          <label>
            <input
              checked={false}
              id="otherLabel"
              name="otherLabelCheckbox"
              onClick={[Function]}
              type="checkbox"
              value="Other"
            />
             Other
          </label>
        </div>
        <input
          className="form-control"
          disabled={true}
          id="labelOther"
          onChange={[Function]}
          placeholder="Enter Description"
          type="text"
          value=""
        />
        <br />
         
        <b>
          Duration
        </b>
        <br />
        <div
          className="radio-inline"
        >
          <label>
            <input
              checked={false}
              onClick={[Function]}
              type="radio"
              value="< 1 min"
            />
            &lt; 1 min
          </label>
        </div>
        <div
          className="radio-inline"
        >
          <label>
            <input
              checked={false}
              onClick={[Function]}
              type="radio"
              value="1 - 5 min"
            />
            1 - 5 min
          </label>
        </div>
        <div
          className="radio-inline"
        >
          <label>
            <input
              checked={false}
              onClick={[Function]}
              type="radio"
              value="5 - 10 min"
            />
            5 - 10 min
          </label>
        </div>
        <div
          className="radio-inline"
        >
          <label>
            <input
              checked={false}
              onClick={[Function]}
              type="radio"
              value="10 - 30 min"
            />
            10 - 30 min
          </label>
        </div>
        <div
          className="radio-inline"
        >
          <label>
            <input
              checked={false}
              onClick={[Function]}
              type="radio"
              value="30 min - 1 hr"
            />
            30 min - 1 hr
          </label>
        </div>
        <div
          className="radio-inline"
        >
          <label>
            <input
              checked={false}
              onClick={[Function]}
              type="radio"
              value="1 - 2 hrs"
            />
            1 - 2 hrs
          </label>
        </div>
        <div
          className="radio-inline"
        >
          <label>
            <input
              checked={false}
              onClick={[Function]}
              type="radio"
              value="2 - 3 hrs"
            />
            2 - 3 hrs
          </label>
        </div>
        <div
          className="radio-inline"
        >
          <label>
            <input
              checked={false}
              onClick={[Function]}
              type="radio"
              value="3+ hrs"
            />
            3+ hrs
          </label>
        </div>
        <br />
         
        <b>
          Intensity
        </b>
        <br />
        <div
          className="radio-inline"
        >
          <label>
            <input
              checked={false}
              onClick={[Function]}
              type="radio"
              value="Low"
            />
            Low
          </label>
        </div>
        <div
          className="radio-inline"
        >
          <label>
            <input
              checked={false}
              onClick={[Function]}
              type="radio"
              value="Medium"
            />
            Medium
          </label>
        </div>
        <div
          className="radio-inline"
        >
          <label>
            <input
              checked={false}
              onClick={[Function]}
              type="radio"
              value="High"
            />
            High
          </label>
        </div>
      </div>
      <div
        className="col-md-4"
      >
        <h4>
          Consequence
        </h4>
        <hr />
        <b>
          What happened after?
        </b>
        <br />
        <div
          className="checkbox"
        >
          <label>
            <input
              checked={false}
              id="Verbal Redirection"
              name="selectedLabel"
              onClick={[Function]}
              type="checkbox"
              value="Verbal Redirection"
            />
             
            Verbal Redirection
          </label>
        </div>
        <div
          className="checkbox"
        >
          <label>
            <input
              checked={false}
              id="Physical assist/prompt"
              name="selectedLabel"
              onClick={[Function]}
              type="checkbox"
              value="Physical assist/prompt"
            />
             
            Physical assist/prompt
          </label>
        </div>
        <div
          className="checkbox"
        >
          <label>
            <input
              checked={false}
              id="Ignored problem behavior"
              name="selectedLabel"
              onClick={[Function]}
              type="checkbox"
              value="Ignored problem behavior"
            />
             
            Ignored problem behavior
          </label>
        </div>
        <div
          className="checkbox"
        >
          <label>
            <input
              checked={false}
              id="Kept on demand"
              name="selectedLabel"
              onClick={[Function]}
              type="checkbox"
              value="Kept on demand"
            />
             
            Kept on demand
          </label>
        </div>
        <div
          className="checkbox"
        >
          <label>
            <input
              checked={false}
              id="Verbal reprimand"
              name="selectedLabel"
              onClick={[Function]}
              type="checkbox"
              value="Verbal reprimand"
            />
             
            Verbal reprimand
          </label>
        </div>
        <div
          className="checkbox"
        >
          <label>
            <input
              checked={false}
              id="Removed from activity"
              name="selectedLabel"
              onClick={[Function]}
              type="checkbox"
              value="Removed from activity"
            />
             
            Removed from activity
          </label>
        </div>
        <div
          className="checkbox"
        >
          <label>
            <input
              checked={false}
              id="Given a different activity/task"
              name="selectedLabel"
              onClick={[Function]}
              type="checkbox"
              value="Given a different activity/task"
            />
             
            Given a different activity/task
          </label>
        </div>
        <div
          className="checkbox"
        >
          <label>
            <input
              checked={false}
              id="Lost Privilege"
              name="selectedLabel"
              onClick={[Function]}
              type="checkbox"
              value="Lost Privilege"
            />
             
            Lost Privilege
          </label>
        </div>
        <div
          className="checkbox"
        >
          <label>
            <input
              checked={false}
              id="Sent to room"
              name="selectedLabel"
              onClick={[Function]}
              type="checkbox"
              value="Sent to room"
            />
             
            Sent to room
          </label>
        </div>
        <div
          className="checkbox"
        >
          <label>
            <input
              checked={false}
              id="Given a time out"
              name="selectedLabel"
              onClick={[Function]}
              type="checkbox"
              value="Given a time out"
            />
             
            Given a time out
          </label>
        </div>
        <div
          className="checkbox"
        >
          <label>
            <input
              checked={false}
              id="Left alone"
              name="selectedLabel"
              onClick={[Function]}
              type="checkbox"
              value="Left alone"
            />
             
            Left alone
          </label>
        </div>
        <div
          className="checkbox"
        >
          <label>
            <input
              checked={false}
              id="otherLabel"
              name="otherLabelCheckbox"
              onClick={[Function]}
              type="checkbox"
              value="Other"
            />
             Other
          </label>
        </div>
        <input
          className="form-control"
          disabled={true}
          id="labelOther"
          onChange={[Function]}
          placeholder="Enter Description"
          type="text"
          value=""
        />
      </div>
    </div>
    <br />
    <div
      className="form-inline"
    >
      <div
        className="form-group"
      >
        <input
          className="btn btn-success form-control"
          id="save"
          onClick={[Function]}
          type="submit"
          value="Save"
        />
      </div>
      <div
        className="form-group"
      >
        <input
          className="btn btn-danger form-control"
          id="reset"
          onClick={[Function]}
          type="reset"
          value="Reset"
        />
      </div>
    </div>
  </div>
  <div
    className="modal"
    id="abcModal"
  >
    <div
      className="modal-dialog"
      role="document"
    >
      <div
        className="modal-content"
      >
        <div
          className="modal-header"
        >
          <p>
            ABC Save Results
          </p>
        </div>
        <div
          className="modal-body"
        >
          <ul />
        </div>
        <div
          className="modal-footer"
        >
          <p
            style={
              {
                "right": "auto",
              }
            }
          >
            Click anywhere to continue
          </p>
        </div>
      </div>
    </div>
  </div>
</div>
`;
