// Vitest Snapshot v1, https://vitest.dev/guide/snapshot.html

exports[`Auto component 1`] = `"<div><div><h2 class="text-primary">Autos</h2><p>I've had three cars and two motorcycles that I've really enjoyed since I have been able to buy.</p><ul><li><a href="/grandPrix">2001 Grand Prix GTP</a></li><li><a href="/charger">2012 Dodge Charger R/T</a></li><li><a href="/honda">1997 Honda Shadow 750 ACE</a></li><li><a href="/yamaha">2004 Yamaha VStar 1100 Classic</a></li><li><a href="/corvette">2001 Chevrolet Corvette</a></li><li><a href="/C5Secrets">C5 Corvette Tips and Secrets</a></li></ul></div></div>"`;
