// Vitest Snapshot v1, https://vitest.dev/guide/snapshot.html

exports[`Blog component 1`] = `"<div><div><h2 class=\\"text-primary\\">Dan Tech</h2><p>A technology focused blog that I write on <a href=\\"//tech-dan.blogspot.com\\" target=\\"_blank\\" rel=\\"noreferrer\\">Blogger</a>.</p><div class=\\"input-prepend\\"><span class=\\"add-on\\"><i class=\\"icon-search\\"></i></span><input class=\\"span12\\" type=\\"text\\" placeholder=\\"Search\\"><span class=\\"badge badge-warning\\" hidden=\\"\\">0 Items</span></div><div style=\\"height: 20px;\\"></div></div></div>"`;
