// Vitest Snapshot v1, https://vitest.dev/guide/snapshot.html

exports[`Checkbox Series to match 1`] = `"<div><div class=\\"checkbox\\"><label><input id=\\"one\\" type=\\"checkbox\\" value=\\"one\\" name=\\"selectedLabel\\"> one</label></div><div class=\\"checkbox\\"><label><input id=\\"two\\" type=\\"checkbox\\" value=\\"two\\" name=\\"selectedLabel\\"> two</label></div><div class=\\"checkbox\\"><label><input id=\\"otherLabel\\" type=\\"checkbox\\" value=\\"Other\\" name=\\"otherLabelCheckbox\\"> Other</label></div><input type=\\"text\\" class=\\"form-control\\" id=\\"labelOther\\" placeholder=\\"test\\" value=\\"anotherTest\\"></div>"`;
