// Vitest Snapshot v1, https://vitest.dev/guide/snapshot.html

exports[`Checkbox Series to match 1`] = `"<div><div class="checkbox"><label><input id="one" name="selectedLabel" type="checkbox" value="one"> one</label></div><div class="checkbox"><label><input id="two" name="selectedLabel" type="checkbox" value="two"> two</label></div><div class="checkbox"><label><input id="undefinedOtherLabelCheckbox" type="checkbox" name="undefinedOtherLabelCheckbox" value="Other"> Other</label></div><input type="text" class="form-control" id="undefinedOtherLabelText" placeholder="test" value="anotherTest"></div>"`;
