// Vitest Snapshot v1, https://vitest.dev/guide/snapshot.html

exports[`Home component 1`] = `"<div><div><div class="jumbotron"><h1>@halversondm</h1><p>Website of Dan Halverson</p><p><a class="btn btn-primary btn-lg" role="button" href="/about">Learn more »</a></p></div><div class="row"><div class="col-md-3"><h2 class="text-primary">Auto</h2><p>My favorite cars and motorcycles.</p><p><a class="btn btn-info" role="button" href="/auto">View details »</a></p></div><div class="col-md-3"><h2 class="text-primary">Apps</h2><p>Web Applications that I have written.</p><p><a class="btn btn-info" role="button" href="/apps">View details »</a></p></div><div class="col-md-3"><h2 class="text-primary">Resume</h2><p>Who I've worked for and my education details</p><p><a class="btn btn-info" role="button" href="/resume">View details »</a></p></div><div class="col-md-3"><h2 class="text-primary">Blog</h2><p>My Tech Blog where I opine on ... tech</p><p><a class="btn btn-info" role="button" href="/blog">View details »</a></p></div></div></div></div>"`;
