// Vitest Snapshot v1, https://vitest.dev/guide/snapshot.html

exports[`Photo Gallery to match 1`] = `"<div><div id=\\"photoGallery\\"><ul class=\\"row photo-gallery\\"><li class=\\"col-md-2 col-lg-2 col-sm-3 col-xs-4\\"><img data-i=\\"0\\" class=\\"img-fluid\\" src=\\"photo1.jpg\\"></li><li class=\\"col-md-2 col-lg-2 col-sm-3 col-xs-4\\"><img data-i=\\"1\\" class=\\"img-fluid\\" src=\\"photo2.jpg\\"></li><li class=\\"col-md-2 col-lg-2 col-sm-3 col-xs-4\\"><img data-i=\\"2\\" class=\\"img-fluid\\" src=\\"photo3.jpg\\"></li><li class=\\"col-md-2 col-lg-2 col-sm-3 col-xs-4\\"><img data-i=\\"3\\" class=\\"img-fluid\\" src=\\"photo4.jpg\\"></li><li class=\\"col-md-2 col-lg-2 col-sm-3 col-xs-4\\"><img data-i=\\"4\\" class=\\"img-fluid\\" src=\\"photo5.jpg\\"></li></ul><div class=\\"row\\"><div><button type=\\"button\\" data-id=\\"1\\" class=\\"btn btn-primary\\">Page 1</button></div><div><button type=\\"button\\" data-id=\\"2\\" class=\\"btn btn-primary\\">Page 2</button></div></div></div></div>"`;
