// Jest Snapshot v1, https://goo.gl/fbAQLP

exports[`Photo Gallery to match 1`] = `
<div
  id="photoGallery"
>
  <ul
    className="row photo-gallery"
  >
    <li
      className="col-md-2 col-lg-2 col-sm-3 col-xs-4"
    >
      <img
        className="img-fluid"
        data-i={0}
        onClick={[Function]}
        src="photo1.jpg"
      />
    </li>
    <li
      className="col-md-2 col-lg-2 col-sm-3 col-xs-4"
    >
      <img
        className="img-fluid"
        data-i={1}
        onClick={[Function]}
        src="photo2.jpg"
      />
    </li>
    <li
      className="col-md-2 col-lg-2 col-sm-3 col-xs-4"
    >
      <img
        className="img-fluid"
        data-i={2}
        onClick={[Function]}
        src="photo3.jpg"
      />
    </li>
    <li
      className="col-md-2 col-lg-2 col-sm-3 col-xs-4"
    >
      <img
        className="img-fluid"
        data-i={3}
        onClick={[Function]}
        src="photo4.jpg"
      />
    </li>
    <li
      className="col-md-2 col-lg-2 col-sm-3 col-xs-4"
    >
      <img
        className="img-fluid"
        data-i={4}
        onClick={[Function]}
        src="photo5.jpg"
      />
    </li>
  </ul>
  <div
    className="row"
  >
    <div>
      <button
        className="btn btn-primary"
        data-id={1}
        disabled={false}
        onClick={[Function]}
        type="button"
      >
        Page 1
      </button>
    </div>
    <div>
      <button
        className="btn btn-primary"
        data-id={2}
        disabled={false}
        onClick={[Function]}
        type="button"
      >
        Page 2
      </button>
    </div>
  </div>
</div>
`;
