// Vitest Snapshot v1, https://vitest.dev/guide/snapshot.html

exports[`StockQuote component 1`] = `"<div><div><h2 class="text-primary">Stock Quotes</h2><form class="form-inline"><div class="form-group"><label class="sr-only" for="symbol">Stock Symbol</label><input id="symbol" class="form-control input-sm" placeholder="Symbol" type="text" value="" name="stock"><input class="btn-sm btn-default" type="button" value="Go!"></div></form><h4 class="text-primary">Stock List</h4><table class="table table-striped"><thead><tr><th>Symbol</th><th>Name</th><th>Last Price</th><th>Time</th><th>Market Cap</th><th>Change YTD</th><th>High</th><th>Low</th><th>Open</th></tr></thead><tbody></tbody></table></div></div>"`;
